// Jest Snapshot v1, https://goo.gl/fbAQLP

exports[`maps keys correctly 1`] = `null`;
